// Vitest Snapshot v1, https://vitest.dev/guide/snapshot.html

exports[`Card Component > renders correctly 1`] = `
<DocumentFragment>
  <div
    class="w-full rounded-xl bg-white p-5 shadow-xl"
    data-testid="card"
  >
    Cart Title
  </div>
</DocumentFragment>
`;
