// Jest Snapshot v1, https://goo.gl/fbAQLP

exports[`Button Component renders correctly 1`] = `
<DocumentFragment>
  <button
    class="rounded-[6px] bg-wolt-blue p-3 text-white"
  >
    label
  </button>
</DocumentFragment>
`;
